
  [32m[1mVITE[22m v5.4.21[39m  [2mready in [0m[1m743[22m[2m[0m ms[22m

  [32m➜[39m  [1mLocal[22m:   [36mhttp://localhost:[1m5199[22m/[39m
[2m  [32m➜[39m  [1mNetwork[22m[2m: use [22m[1m--host[22m[2m to expose[22m
[2m[32m  ➜[39m[22m[2m  press [22m[1mh + enter[22m[2m to show help[22m
[2m1:30:16 pm[22m [36m[1m[vite][22m[39m [32mpage reload [39m[2msrc/main.js[22m
[2m1:30:33 pm[22m [36m[1m[vite][22m[39m [32mpage reload [39m[2msrc/main.js[22m
[2m1:31:32 pm[22m [36m[1m[vite][22m[39m [32mpage reload [39m[2msrc/atmosphere.js[22m
[2m1:31:37 pm[22m [36m[1m[vite][22m[39m [32mpage reload [39m[2mindex.html[22m
[2m1:31:45 pm[22m [36m[1m[vite][22m[39m [32mpage reload [39m[2mindex.html[22m
[2m1:31:55 pm[22m [36m[1m[vite][22m[39m [32mpage reload [39m[2mindex.html[22m
[2m1:32:39 pm[22m [36m[1m[vite][22m[39m [32mpage reload [39m[2mindex.html[22m
[2m1:32:51 pm[22m [36m[1m[vite][22m[39m [32mpage reload [39m[2msrc/main.js[22m
[2m1:33:16 pm[22m [36m[1m[vite][22m[39m [32mpage reload [39m[2msrc/main.js[22m
[2m1:33:22 pm[22m [36m[1m[vite][22m[39m [32mpage reload [39m[2msrc/main.js[22m
[2m1:33:34 pm[22m [36m[1m[vite][22m[39m [32mpage reload [39m[2msrc/main.js[22m
[2m1:34:03 pm[22m [36m[1m[vite][22m[39m [32mpage reload [39m[2msrc/main.js[22m
[2m1:34:26 pm[22m [36m[1m[vite][22m[39m [32mpage reload [39m[2msrc/main.js[22m
[2m1:34:51 pm[22m [36m[1m[vite][22m[39m [32mpage reload [39m[2msrc/main.js[22m
[2m1:34:56 pm[22m [36m[1m[vite][22m[39m [32mpage reload [39m[2msrc/main.js[22m
[2m1:35:28 pm[22m [36m[1m[vite][22m[39m [32mpage reload [39m[2msrc/main.js[22m
[2m1:35:33 pm[22m [36m[1m[vite][22m[39m [32mpage reload [39m[2msrc/main.js[22m
[2m1:35:57 pm[22m [36m[1m[vite][22m[39m [32mpage reload [39m[2msrc/main.js[22m
[2m1:36:03 pm[22m [36m[1m[vite][22m[39m [32mpage reload [39m[2msrc/main.js[22m
[2m1:36:11 pm[22m [36m[1m[vite][22m[39m [32mpage reload [39m[2msrc/main.js[22m
[2m1:36:19 pm[22m [36m[1m[vite][22m[39m [32mpage reload [39m[2msrc/main.js[22m
[2m1:36:23 pm[22m [36m[1m[vite][22m[39m [32mpage reload [39m[2msrc/main.js[22m
[2m1:36:28 pm[22m [36m[1m[vite][22m[39m [32mpage reload [39m[2msrc/main.js[22m
[2m1:36:59 pm[22m [36m[1m[vite][22m[39m [32mpage reload [39m[2msrc/main.js[22m
[2m1:37:27 pm[22m [36m[1m[vite][22m[39m [32mpage reload [39m[2msrc/main.js[22m
[2m1:37:32 pm[22m [36m[1m[vite][22m[39m [32mpage reload [39m[2msrc/main.js[22m
[2m1:37:56 pm[22m [36m[1m[vite][22m[39m [32mpage reload [39m[2msrc/main.js[22m
[2m1:37:58 pm[22m [36m[1m[vite][22m[39m [32mpage reload [39m[2msrc/main.js[22m
[2m1:38:06 pm[22m [36m[1m[vite][22m[39m [32mpage reload [39m[2msrc/main.js[22m
[2m1:38:09 pm[22m [36m[1m[vite][22m[39m [32mpage reload [39m[2msrc/main.js[22m
[2m1:38:39 pm[22m [36m[1m[vite][22m[39m [32mpage reload [39m[2msrc/main.js[22m
[2m1:38:51 pm[22m [36m[1m[vite][22m[39m [32mpage reload [39m[2msrc/main.js[22m
[2m1:38:56 pm[22m [36m[1m[vite][22m[39m [32mpage reload [39m[2msrc/main.js[22m
[2m1:39:08 pm[22m [36m[1m[vite][22m[39m [32mpage reload [39m[2msrc/main.js[22m
[2m1:39:17 pm[22m [36m[1m[vite][22m[39m [32mpage reload [39m[2msrc/main.js[22m
[2m1:40:02 pm[22m [36m[1m[vite][22m[39m [32mpage reload [39m[2msrc/main.js[22m
[2m1:40:53 pm[22m [36m[1m[vite][22m[39m [32mpage reload [39m[2msrc/main.js[22m
[2m1:41:32 pm[22m [36m[1m[vite][22m[39m [32mpage reload [39m[2m_flow.html[22m
[2m1:42:21 pm[22m [36m[1m[vite][22m[39m [32mpage reload [39m[2m_flow.html[22m
[2m1:42:54 pm[22m [36m[1m[vite][22m[39m [32mpage reload [39m[2m_map.html[22m
[2m1:43:39 pm[22m [36m[1m[vite][22m[39m [32mpage reload [39m[2msrc/main.js[22m
[2m1:44:15 pm[22m [36m[1m[vite][22m[39m [32mpage reload [39m[2m_probe.html[22m
[2m1:44:36 pm[22m [36m[1m[vite][22m[39m [32mpage reload [39m[2msrc/main.js[22m
[2m1:44:54 pm[22m [36m[1m[vite][22m[39m [32mpage reload [39m[2m_probe2.html[22m
[2m1:45:28 pm[22m [36m[1m[vite][22m[39m [32mpage reload [39m[2m_probe3.html[22m
[2m1:45:57 pm[22m [36m[1m[vite][22m[39m [32mpage reload [39m[2msrc/main.js[22m
[2m1:46:24 pm[22m [36m[1m[vite][22m[39m [32mpage reload [39m[2mindex.html[22m
[2m1:46:39 pm[22m [36m[1m[vite][22m[39m [32mpage reload [39m[2msrc/main.js[22m
[2m1:46:53 pm[22m [36m[1m[vite][22m[39m [32mpage reload [39m[2msrc/main.js[22m
[2m1:46:59 pm[22m [36m[1m[vite][22m[39m [32mpage reload [39m[2msrc/main.js[22m
[2m1:47:19 pm[22m [36m[1m[vite][22m[39m [32mpage reload [39m[2msrc/main.js[22m
[2m1:48:06 pm[22m [36m[1m[vite][22m[39m [32mpage reload [39m[2msrc/main.js[22m
[2m1:48:11 pm[22m [36m[1m[vite][22m[39m [32mpage reload [39m[2mindex.html[22m
[2m1:48:38 pm[22m [36m[1m[vite][22m[39m [32mpage reload [39m[2msrc/main.js[22m
[2m1:48:41 pm[22m [36m[1m[vite][22m[39m [32mpage reload [39m[2msrc/main.js[22m
[2m1:48:44 pm[22m [36m[1m[vite][22m[39m [32mpage reload [39m[2m_flow.html[22m
[2m1:48:44 pm[22m [36m[1m[vite][22m[39m [32mpage reload [39m[2m_map.html[22m
[2m1:48:44 pm[22m [36m[1m[vite][22m[39m [32mpage reload [39m[2m_probe.html[22m
[2m1:48:44 pm[22m [36m[1m[vite][22m[39m [32mpage reload [39m[2m_probe2.html[22m
[2m1:48:44 pm[22m [36m[1m[vite][22m[39m [32mpage reload [39m[2m_probe3.html[22m
[2m2:24:36 pm[22m [36m[1m[vite][22m[39m [32mpage reload [39m[2msrc/main.js[22m
[2m2:24:48 pm[22m [36m[1m[vite][22m[39m [32mpage reload [39m[2msrc/main.js[22m
[2m2:24:52 pm[22m [36m[1m[vite][22m[39m [32mpage reload [39m[2msrc/main.js[22m
[2m2:24:59 pm[22m [36m[1m[vite][22m[39m [32mpage reload [39m[2msrc/main.js[22m
[2m2:25:08 pm[22m [36m[1m[vite][22m[39m [32mpage reload [39m[2m_rm.html[22m
[2m2:25:35 pm[22m [36m[1m[vite][22m[39m [32mpage reload [39m[2msrc/main.js[22m
[2m2:25:38 pm[22m [36m[1m[vite][22m[39m [32mpage reload [39m[2msrc/main.js[22m
[2m2:25:48 pm[22m [36m[1m[vite][22m[39m [32mpage reload [39m[2msrc/main.js[22m
[2m2:25:57 pm[22m [36m[1m[vite][22m[39m [32mpage reload [39m[2mtests/index.html[22m
[2m2:27:44 pm[22m [36m[1m[vite][22m[39m [32mpage reload [39m[2mtests/scenarios.js[22m
[2m2:27:53 pm[22m [36m[1m[vite][22m[39m [32mpage reload [39m[2mtests/scenarios.js[22m
[2m2:28:40 pm[22m [36m[1m[vite][22m[39m [32mpage reload [39m[2mtests/scenarios.js[22m
[2m2:28:46 pm[22m [36m[1m[vite][22m[39m [32mpage reload [39m[2mtests/scenarios.js[22m
[2m2:29:15 pm[22m [36m[1m[vite][22m[39m [32mpage reload [39m[2mtests/scenarios.js[22m
[2m2:29:20 pm[22m [36m[1m[vite][22m[39m [32mpage reload [39m[2mtests/scenarios.js[22m
[2m2:32:56 pm[22m [36m[1m[vite][22m[39m [32mpage reload [39m[2mtests/scenarios.js[22m
[2m2:33:15 pm[22m [36m[1m[vite][22m[39m [32mpage reload [39m[2mtests/scenarios.js[22m
[2m2:33:45 pm[22m [36m[1m[vite][22m[39m [32mpage reload [39m[2mtests/scenarios.js[22m
[2m2:34:11 pm[22m [36m[1m[vite][22m[39m [32mpage reload [39m[2mtests/scenarios.js[22m
[2m2:34:48 pm[22m [36m[1m[vite][22m[39m [32mpage reload [39m[2mtests/scenarios.js[22m
[2m2:35:52 pm[22m [36m[1m[vite][22m[39m [32mpage reload [39m[2mindex.html[22m
[2m2:35:59 pm[22m [36m[1m[vite][22m[39m [32mpage reload [39m[2mindex.html[22m
[2m2:36:03 pm[22m [36m[1m[vite][22m[39m [32mpage reload [39m[2mindex.html[22m
[2m2:36:32 pm[22m [36m[1m[vite][22m[39m [32mpage reload [39m[2msrc/main.js[22m
[2m2:36:58 pm[22m [36m[1m[vite][22m[39m [32mpage reload [39m[2msrc/main.js[22m
[2m2:37:02 pm[22m [36m[1m[vite][22m[39m [32mpage reload [39m[2msrc/main.js[22m
[2m2:37:12 pm[22m [36m[1m[vite][22m[39m [32mpage reload [39m[2msrc/main.js[22m
[2m2:37:16 pm[22m [36m[1m[vite][22m[39m [32mpage reload [39m[2msrc/main.js[22m
[2m2:37:21 pm[22m [36m[1m[vite][22m[39m [32mpage reload [39m[2msrc/main.js[22m
[2m2:37:30 pm[22m [36m[1m[vite][22m[39m [32mpage reload [39m[2msrc/main.js[22m
[2m2:37:35 pm[22m [36m[1m[vite][22m[39m [32mpage reload [39m[2msrc/main.js[22m
[2m2:37:46 pm[22m [36m[1m[vite][22m[39m [32mpage reload [39m[2msrc/main.js[22m
[2m2:38:08 pm[22m [36m[1m[vite][22m[39m [32mpage reload [39m[2mtests/scenarios.js[22m
[2m2:38:29 pm[22m [36m[1m[vite][22m[39m [32mpage reload [39m[2msrc/main.js[22m
[2m2:38:33 pm[22m [36m[1m[vite][22m[39m [32mpage reload [39m[2mtests/scenarios.js[22m
[2m2:38:37 pm[22m [36m[1m[vite][22m[39m [32mpage reload [39m[2mtests/scenarios.js[22m
[2m2:38:57 pm[22m [36m[1m[vite][22m[39m [32mpage reload [39m[2mtests/scenarios.js[22m
[2m2:39:43 pm[22m [36m[1m[vite][22m[39m [32mpage reload [39m[2msrc/main.js[22m
[2m2:40:24 pm[22m [36m[1m[vite][22m[39m [32mpage reload [39m[2msrc/main.js[22m
[2m2:42:36 pm[22m [36m[1m[vite][22m[39m [32mpage reload [39m[2msrc/main.js[22m
[2m2:43:13 pm[22m [36m[1m[vite][22m[39m [32mpage reload [39m[2msrc/main.js[22m
[2m2:44:09 pm[22m [36m[1m[vite][22m[39m [32mpage reload [39m[2msrc/main.js[22m
[2m2:44:21 pm[22m [36m[1m[vite][22m[39m [32mpage reload [39m[2msrc/main.js[22m
[2m2:44:42 pm[22m [36m[1m[vite][22m[39m [32mpage reload [39m[2msrc/main.js[22m
[2m2:45:12 pm[22m [36m[1m[vite][22m[39m [32mpage reload [39m[2msrc/main.js[22m
[2m2:45:26 pm[22m [36m[1m[vite][22m[39m [32mpage reload [39m[2msrc/main.js[22m
[2m2:45:35 pm[22m [36m[1m[vite][22m[39m [32mpage reload [39m[2msrc/main.js[22m
[2m2:45:50 pm[22m [36m[1m[vite][22m[39m [32mpage reload [39m[2msrc/main.js[22m
[2m2:46:10 pm[22m [36m[1m[vite][22m[39m [32mpage reload [39m[2msrc/main.js[22m
[2m2:46:18 pm[22m [36m[1m[vite][22m[39m [32mpage reload [39m[2msrc/main.js[22m
[2m2:46:22 pm[22m [36m[1m[vite][22m[39m [32mpage reload [39m[2msrc/main.js[22m
[2m2:46:30 pm[22m [36m[1m[vite][22m[39m [32mpage reload [39m[2mtests/scenarios.js[22m
[2m2:48:19 pm[22m [36m[1m[vite][22m[39m [32mpage reload [39m[2mtests/scenarios.js[22m
[2m2:48:34 pm[22m [36m[1m[vite][22m[39m [32mpage reload [39m[2mtests/scenarios.js[22m
[2m2:48:45 pm[22m [36m[1m[vite][22m[39m [32mpage reload [39m[2mtests/scenarios.js[22m
[2m2:49:20 pm[22m [36m[1m[vite][22m[39m [32mpage reload [39m[2mtests/scenarios.js[22m
[2m2:50:07 pm[22m [36m[1m[vite][22m[39m [32mpage reload [39m[2m_rm.html[22m
[2m2:51:36 pm[22m [36m[1m[vite][22m[39m [32mpage reload [39m[2msrc/atmosphere.js[22m
[2m2:51:49 pm[22m [36m[1m[vite][22m[39m [32mpage reload [39m[2mindex.html[22m
[2m2:51:59 pm[22m [36m[1m[vite][22m[39m [32mpage reload [39m[2msrc/main.js[22m
[2m2:52:05 pm[22m [36m[1m[vite][22m[39m [32mpage reload [39m[2msrc/main.js[22m
[2m2:52:16 pm[22m [36m[1m[vite][22m[39m [32mpage reload [39m[2msrc/main.js[22m
[2m2:52:37 pm[22m [36m[1m[vite][22m[39m [32mpage reload [39m[2msrc/main.js[22m
[2m2:53:09 pm[22m [36m[1m[vite][22m[39m [32mpage reload [39m[2msrc/atmosphere.js[22m
[2m2:53:30 pm[22m [36m[1m[vite][22m[39m [32mpage reload [39m[2mtests/scenarios.js[22m
[2m2:53:54 pm[22m [36m[1m[vite][22m[39m [32mpage reload [39m[2msrc/atmosphere.js[22m
[2m2:54:06 pm[22m [36m[1m[vite][22m[39m [32mpage reload [39m[2mtests/scenarios.js[22m
[2m2:54:31 pm[22m [36m[1m[vite][22m[39m [32mpage reload [39m[2msrc/atmosphere.js[22m
[2m2:55:16 pm[22m [36m[1m[vite][22m[39m [32mpage reload [39m[2mtests/scenarios.js[22m
[2m2:56:01 pm[22m [36m[1m[vite][22m[39m [32mpage reload [39m[2msrc/main.js[22m
[2m2:56:14 pm[22m [36m[1m[vite][22m[39m [32mpage reload [39m[2msrc/main.js[22m
[2m2:56:19 pm[22m [36m[1m[vite][22m[39m [32mpage reload [39m[2msrc/main.js[22m
[2m2:56:44 pm[22m [36m[1m[vite][22m[39m [32mpage reload [39m[2msrc/main.js[22m
[2m2:57:27 pm[22m [36m[1m[vite][22m[39m [32mpage reload [39m[2msrc/main.js[22m
[2m2:57:49 pm[22m [36m[1m[vite][22m[39m [32mpage reload [39m[2msrc/main.js[22m
[2m2:58:06 pm[22m [36m[1m[vite][22m[39m [32mpage reload [39m[2msrc/main.js[22m
[2m2:58:10 pm[22m [36m[1m[vite][22m[39m [32mpage reload [39m[2msrc/main.js[22m
[2m2:58:39 pm[22m [36m[1m[vite][22m[39m [32mpage reload [39m[2msrc/main.js[22m
[2m3:00:15 pm[22m [36m[1m[vite][22m[39m [32mpage reload [39m[2msrc/main.js[22m
[2m3:00:23 pm[22m [36m[1m[vite][22m[39m [32mpage reload [39m[2msrc/main.js[22m
[2m3:00:28 pm[22m [36m[1m[vite][22m[39m [32mpage reload [39m[2msrc/main.js[22m
[2m3:00:37 pm[22m [36m[1m[vite][22m[39m [32mpage reload [39m[2msrc/main.js[22m
[2m3:00:57 pm[22m [36m[1m[vite][22m[39m [32mpage reload [39m[2msrc/main.js[22m
[2m3:01:19 pm[22m [36m[1m[vite][22m[39m [32mpage reload [39m[2msrc/main.js[22m
[2m3:01:23 pm[22m [36m[1m[vite][22m[39m [32mpage reload [39m[2msrc/main.js[22m
[2m3:03:05 pm[22m [36m[1m[vite][22m[39m [32mpage reload [39m[2mtests/scenarios.js[22m
[2m3:05:04 pm[22m [36m[1m[vite][22m[39m [32mpage reload [39m[2msrc/main.js[22m
[2m3:05:15 pm[22m [36m[1m[vite][22m[39m [32mpage reload [39m[2msrc/main.js[22m
[2m3:05:25 pm[22m [36m[1m[vite][22m[39m [32mpage reload [39m[2m_foodtest.html[22m
[2m3:05:47 pm[22m [36m[1m[vite][22m[39m [32mpage reload [39m[2m_sheet.html[22m
[2m3:07:32 pm[22m [36m[1m[vite][22m[39m [32mpage reload [39m[2msrc/main.js[22m
[2m3:08:22 pm[22m [36m[1m[vite][22m[39m [32mpage reload [39m[2m_foodtest.html[22m
[2m3:08:22 pm[22m [36m[1m[vite][22m[39m [32mpage reload [39m[2m_sheet.html[22m
[2m3:08:28 pm[22m [36m[1m[vite][22m[39m [32mpage reload [39m[2mtests/index.html[22m
[2m3:08:34 pm[22m [36m[1m[vite][22m[39m [32mpage reload [39m[2mtests/index.html[22m
[2m3:08:53 pm[22m [36m[1m[vite][22m[39m [32mpage reload [39m[2mtests/scenarios.js[22m
[2m3:15:29 pm[22m [36m[1m[vite][22m[39m [32mpage reload [39m[2mindex.html[22m
